// Jest Snapshot v1, https://goo.gl/fbAQLP

exports[`Footer renderes correctly 1`] = `
<Styled(footer)>
  <div>
    Copyright Â© 
    2021
     
    <Link
      href="/"
    >
      Fullname
    </Link>
     (
    Pronouns
    ).
     
    <Link
      href="https://creativecommons.org/licenses/by-sa/4.0/"
      rel="license"
    >
      Some Rights Reserved
    </Link>
    .
     
    <Link
      href="https://github.com/jbhannah/jbhannah.net"
    >
      Source on GitHub
    </Link>
    .
  </div>
</Styled(footer)>
`;
