// Jest Snapshot v1, https://goo.gl/fbAQLP

exports[`Blockquote renders correctly 1`] = `
<blockquote
  class="css-2570gk"
  data-testid="blockquote"
/>
`;
