// Jest Snapshot v1, https://goo.gl/fbAQLP

exports[`MarginFix renders correctly 1`] = `
<span
  css={
    Object {
      "display": "none",
    }
  }
/>
`;
