// Jest Snapshot v1, https://goo.gl/fbAQLP

exports[`MarginFix renders correctly 1`] = `
<div>
  <span
    class="css-1hyfx7x"
  />
</div>
`;
